[2025-11-13 05:12:07Z INFO HostContext] No proxy settings were found based on environmental variables (http_proxy/https_proxy/HTTP_PROXY/HTTPS_PROXY)
[2025-11-13 05:12:07Z INFO HostContext] Well known directory 'Bin': 'C:\Users\hemang.jindal\ai_news\actions-runner\bin'
[2025-11-13 05:12:07Z INFO HostContext] Well known directory 'Root': 'C:\Users\hemang.jindal\ai_news\actions-runner'
[2025-11-13 05:12:07Z INFO HostContext] Well known config file 'Credentials': 'C:\Users\hemang.jindal\ai_news\actions-runner\.credentials'
[2025-11-13 05:12:07Z INFO HostContext] Well known directory 'Bin': 'C:\Users\hemang.jindal\ai_news\actions-runner\bin'
[2025-11-13 05:12:07Z INFO HostContext] Well known directory 'Root': 'C:\Users\hemang.jindal\ai_news\actions-runner'
[2025-11-13 05:12:07Z INFO HostContext] Well known config file 'Runner': 'C:\Users\hemang.jindal\ai_news\actions-runner\.runner'
[2025-11-13 05:12:07Z INFO Listener] Runner is built for Windows (X64) - win-x64.
[2025-11-13 05:12:07Z INFO Listener] RuntimeInformation: Microsoft Windows 10.0.26200.
[2025-11-13 05:12:07Z INFO Listener] Version: 2.329.0
[2025-11-13 05:12:07Z INFO Listener] Commit: c76c59996c8fa32e989164a5a695efb12608ae5a
[2025-11-13 05:12:07Z INFO Listener] Culture: en-US
[2025-11-13 05:12:07Z INFO Listener] UI Culture: en-US
[2025-11-13 05:12:07Z INFO HostContext] Well known directory 'Bin': 'C:\Users\hemang.jindal\ai_news\actions-runner\bin'
[2025-11-13 05:12:07Z INFO HostContext] Well known directory 'Root': 'C:\Users\hemang.jindal\ai_news\actions-runner'
[2025-11-13 05:12:07Z INFO Listener] Validating directory permissions for: 'C:\Users\hemang.jindal\ai_news\actions-runner'
[2025-11-13 05:12:07Z INFO CommandLineParser] Parse
[2025-11-13 05:12:07Z INFO CommandLineParser] Parsing 5 args
[2025-11-13 05:12:07Z INFO CommandLineParser] parsing argument
[2025-11-13 05:12:07Z INFO CommandLineParser] HasArgs: False
[2025-11-13 05:12:07Z INFO CommandLineParser] Adding Command: configure
[2025-11-13 05:12:07Z INFO CommandLineParser] parsing argument
[2025-11-13 05:12:07Z INFO CommandLineParser] HasArgs: True
[2025-11-13 05:12:07Z INFO CommandLineParser] arg: url
[2025-11-13 05:12:07Z INFO CommandLineParser] parsing argument
[2025-11-13 05:12:07Z INFO CommandLineParser] HasArgs: True
[2025-11-13 05:12:07Z INFO CommandLineParser] Adding option 'url': 'https://github.com/HemangJindal07/crew-ai-'
[2025-11-13 05:12:07Z INFO CommandLineParser] parsing argument
[2025-11-13 05:12:07Z INFO CommandLineParser] HasArgs: True
[2025-11-13 05:12:07Z INFO CommandLineParser] arg: token
[2025-11-13 05:12:07Z INFO CommandLineParser] parsing argument
[2025-11-13 05:12:07Z INFO CommandLineParser] HasArgs: True
[2025-11-13 05:12:07Z INFO CommandLineParser] Adding option 'token': '***'
[2025-11-13 05:12:07Z INFO Listener] Arguments parsed
[2025-11-13 05:12:07Z INFO Runner] ExecuteCommand
[2025-11-13 05:12:07Z INFO ConfigurationStore] currentAssemblyLocation: C:\Users\hemang.jindal\ai_news\actions-runner\bin\Runner.Listener.dll
[2025-11-13 05:12:07Z INFO HostContext] Well known directory 'Bin': 'C:\Users\hemang.jindal\ai_news\actions-runner\bin'
[2025-11-13 05:12:07Z INFO ConfigurationStore] binPath: C:\Users\hemang.jindal\ai_news\actions-runner\bin
[2025-11-13 05:12:07Z INFO HostContext] Well known directory 'Bin': 'C:\Users\hemang.jindal\ai_news\actions-runner\bin'
[2025-11-13 05:12:07Z INFO HostContext] Well known directory 'Root': 'C:\Users\hemang.jindal\ai_news\actions-runner'
[2025-11-13 05:12:07Z INFO ConfigurationStore] RootFolder: C:\Users\hemang.jindal\ai_news\actions-runner
[2025-11-13 05:12:07Z INFO HostContext] Well known directory 'Bin': 'C:\Users\hemang.jindal\ai_news\actions-runner\bin'
[2025-11-13 05:12:07Z INFO HostContext] Well known directory 'Root': 'C:\Users\hemang.jindal\ai_news\actions-runner'
[2025-11-13 05:12:07Z INFO HostContext] Well known config file 'Runner': 'C:\Users\hemang.jindal\ai_news\actions-runner\.runner'
[2025-11-13 05:12:07Z INFO ConfigurationStore] ConfigFilePath: C:\Users\hemang.jindal\ai_news\actions-runner\.runner
[2025-11-13 05:12:07Z INFO HostContext] Well known directory 'Bin': 'C:\Users\hemang.jindal\ai_news\actions-runner\bin'
[2025-11-13 05:12:07Z INFO HostContext] Well known directory 'Root': 'C:\Users\hemang.jindal\ai_news\actions-runner'
[2025-11-13 05:12:07Z INFO HostContext] Well known config file 'MigratedRunner': 'C:\Users\hemang.jindal\ai_news\actions-runner\.runner_migrated'
[2025-11-13 05:12:07Z INFO ConfigurationStore] MigratedConfigFilePath: C:\Users\hemang.jindal\ai_news\actions-runner\.runner_migrated
[2025-11-13 05:12:07Z INFO HostContext] Well known directory 'Bin': 'C:\Users\hemang.jindal\ai_news\actions-runner\bin'
[2025-11-13 05:12:07Z INFO HostContext] Well known directory 'Root': 'C:\Users\hemang.jindal\ai_news\actions-runner'
[2025-11-13 05:12:07Z INFO HostContext] Well known config file 'Credentials': 'C:\Users\hemang.jindal\ai_news\actions-runner\.credentials'
[2025-11-13 05:12:07Z INFO ConfigurationStore] CredFilePath: C:\Users\hemang.jindal\ai_news\actions-runner\.credentials
[2025-11-13 05:12:07Z INFO HostContext] Well known directory 'Bin': 'C:\Users\hemang.jindal\ai_news\actions-runner\bin'
[2025-11-13 05:12:07Z INFO HostContext] Well known directory 'Root': 'C:\Users\hemang.jindal\ai_news\actions-runner'
[2025-11-13 05:12:07Z INFO HostContext] Well known config file 'MigratedCredentials': 'C:\Users\hemang.jindal\ai_news\actions-runner\.credentials_migrated'
[2025-11-13 05:12:07Z INFO ConfigurationStore] MigratedCredFilePath: C:\Users\hemang.jindal\ai_news\actions-runner\.credentials_migrated
[2025-11-13 05:12:07Z INFO HostContext] Well known directory 'Bin': 'C:\Users\hemang.jindal\ai_news\actions-runner\bin'
[2025-11-13 05:12:07Z INFO HostContext] Well known directory 'Root': 'C:\Users\hemang.jindal\ai_news\actions-runner'
[2025-11-13 05:12:07Z INFO HostContext] Well known config file 'Service': 'C:\Users\hemang.jindal\ai_news\actions-runner\.service'
[2025-11-13 05:12:07Z INFO ConfigurationStore] ServiceConfigFilePath: C:\Users\hemang.jindal\ai_news\actions-runner\.service
[2025-11-13 05:12:07Z INFO CommandSettings] Flag 'help': 'False'
[2025-11-13 05:12:07Z INFO CommandSettings] Flag 'version': 'False'
[2025-11-13 05:12:07Z INFO CommandSettings] Flag 'commit': 'False'
[2025-11-13 05:12:07Z INFO CommandSettings] Flag 'check': 'False'
[2025-11-13 05:12:07Z INFO CommandSettings] Command 'configure': 'True'
[2025-11-13 05:12:07Z INFO Terminal] WRITE LINE: 
[2025-11-13 05:12:07Z INFO Terminal] WRITE LINE: --------------------------------------------------------------------------------
[2025-11-13 05:12:07Z INFO Terminal] WRITE LINE: |        ____ _ _   _   _       _          _        _   _                      |
[2025-11-13 05:12:07Z INFO Terminal] WRITE LINE: |       / ___(_) |_| | | |_   _| |__      / \   ___| |_(_) ___  _ __  ___      |
[2025-11-13 05:12:07Z INFO Terminal] WRITE LINE: |      | |  _| | __| |_| | | | | '_ \    / _ \ / __| __| |/ _ \| '_ \/ __|     |
[2025-11-13 05:12:07Z INFO Terminal] WRITE LINE: |      | |_| | | |_|  _  | |_| | |_) |  / ___ \ (__| |_| | (_) | | | \__ \     |
[2025-11-13 05:12:07Z INFO Terminal] WRITE LINE: |       \____|_|\__|_| |_|\__,_|_.__/  /_/   \_\___|\__|_|\___/|_| |_|___/     |
[2025-11-13 05:12:07Z INFO Terminal] WRITE LINE: |                                                                              |
[2025-11-13 05:12:07Z INFO Terminal] WRITE: |                       
[2025-11-13 05:12:07Z INFO Terminal] WRITE: Self-hosted runner registration
[2025-11-13 05:12:07Z INFO Terminal] WRITE LINE:                         |
[2025-11-13 05:12:07Z INFO Terminal] WRITE LINE: |                                                                              |
[2025-11-13 05:12:07Z INFO Terminal] WRITE LINE: --------------------------------------------------------------------------------
[2025-11-13 05:12:07Z INFO ConfigurationManager] ConfigureAsync
[2025-11-13 05:12:07Z INFO CommandSettings] Flag 'generateServiceConfig': 'False'
[2025-11-13 05:12:07Z INFO ConfigurationStore] IsConfigured()
[2025-11-13 05:12:07Z INFO ConfigurationStore] IsConfigured: False
[2025-11-13 05:12:07Z INFO ConfigurationManager] Is configured: False
[2025-11-13 05:12:07Z INFO CommandSettings] Arg 'url': 'https://github.com/HemangJindal07/crew-ai-'
[2025-11-13 05:12:07Z INFO CommandSettings] Remove url from Arg dictionary.
[2025-11-13 05:12:07Z INFO CommandSettings] Arg 'token': '***'
[2025-11-13 05:12:07Z INFO CommandSettings] Remove token from Arg dictionary.
[2025-11-13 05:12:08Z INFO ConfigurationManager] Http response code: OK from 'POST https://api.github.com/actions/runner-registration' (E8CA:11A03E:F3F2A1:1298DC5:691568A7)
[2025-11-13 05:12:08Z INFO ConfigurationManager] Using runner-admin flow: False
[2025-11-13 05:12:08Z INFO ConfigurationManager] cred retrieved via GitHub auth
[2025-11-13 05:12:08Z INFO RunnerServer] EstablishVssConnection
[2025-11-13 05:12:08Z INFO RunnerServer] Establish connection with 100 seconds timeout.
[2025-11-13 05:12:08Z INFO GitHubActionsService] Starting operation Location.GetConnectionData
[2025-11-13 05:12:08Z INFO RunnerServer] EstablishVssConnection
[2025-11-13 05:12:08Z INFO RunnerServer] Establish connection with 60 seconds timeout.
[2025-11-13 05:12:08Z INFO GitHubActionsService] Starting operation Location.GetConnectionData
[2025-11-13 05:12:08Z INFO RunnerServer] EstablishVssConnection
[2025-11-13 05:12:08Z INFO RunnerServer] Establish connection with 60 seconds timeout.
[2025-11-13 05:12:08Z INFO GitHubActionsService] Starting operation Location.GetConnectionData
[2025-11-13 05:12:11Z INFO GitHubActionsService] Finished operation Location.GetConnectionData
[2025-11-13 05:12:11Z INFO GitHubActionsService] Finished operation Location.GetConnectionData
[2025-11-13 05:12:11Z INFO GitHubActionsService] Finished operation Location.GetConnectionData
[2025-11-13 05:12:11Z INFO Terminal] WRITE LINE: 
[2025-11-13 05:12:11Z INFO ConfigurationManager] Test Connection complete.
[2025-11-13 05:12:11Z INFO HostContext] Well known directory 'Bin': 'C:\Users\hemang.jindal\ai_news\actions-runner\bin'
[2025-11-13 05:12:11Z INFO HostContext] Well known directory 'Root': 'C:\Users\hemang.jindal\ai_news\actions-runner'
[2025-11-13 05:12:11Z INFO HostContext] Well known config file 'RSACredentials': 'C:\Users\hemang.jindal\ai_news\actions-runner\.credentials_rsaparams'
[2025-11-13 05:12:11Z INFO RSAEncryptedFileKeyManager] Creating new RSA key using 2048-bit key length
[2025-11-13 05:12:11Z INFO RSAEncryptedFileKeyManager] Successfully saved RSA key parameters to file C:\Users\hemang.jindal\ai_news\actions-runner\.credentials_rsaparams
[2025-11-13 05:12:11Z INFO CommandSettings] Arg 'runnergroup': ''
[2025-11-13 05:12:11Z INFO CommandSettings] Flag 'unattended': 'False'
[2025-11-13 05:12:11Z INFO PromptManager] ReadValue
[2025-11-13 05:12:11Z INFO Terminal] WRITE: Enter the name of the runner group to add this runner to: 
[2025-11-13 05:12:11Z INFO Terminal] WRITE: [press Enter for Default] 
[2025-11-13 05:12:11Z INFO Terminal] READ LINE
[2025-11-13 05:13:07Z INFO Terminal] Read value: 'my-runner'
[2025-11-13 05:13:07Z INFO Terminal] WRITE LINE: 
[2025-11-13 05:13:07Z ERR  Runner] GitHub.DistributedTask.WebApi.TaskAgentPoolNotFoundException: Could not find any self-hosted runner group named "my-runner".
   at GitHub.Runner.Listener.Configuration.ConfigurationManager.ConfigureAsync(CommandSettings command)
   at GitHub.Runner.Listener.Runner.ExecuteCommand(CommandSettings command)
[2025-11-13 05:13:07Z ERR  Terminal] WRITE ERROR: Could not find any self-hosted runner group named "my-runner".
[2025-11-13 05:13:07Z INFO Listener] Runner execution has finished with return code 1
