[2025-11-13 05:13:20Z INFO HostContext] No proxy settings were found based on environmental variables (http_proxy/https_proxy/HTTP_PROXY/HTTPS_PROXY)
[2025-11-13 05:13:20Z INFO HostContext] Well known directory 'Bin': 'C:\Users\hemang.jindal\ai_news\actions-runner\bin'
[2025-11-13 05:13:20Z INFO HostContext] Well known directory 'Root': 'C:\Users\hemang.jindal\ai_news\actions-runner'
[2025-11-13 05:13:20Z INFO HostContext] Well known config file 'Credentials': 'C:\Users\hemang.jindal\ai_news\actions-runner\.credentials'
[2025-11-13 05:13:20Z INFO HostContext] Well known directory 'Bin': 'C:\Users\hemang.jindal\ai_news\actions-runner\bin'
[2025-11-13 05:13:20Z INFO HostContext] Well known directory 'Root': 'C:\Users\hemang.jindal\ai_news\actions-runner'
[2025-11-13 05:13:20Z INFO HostContext] Well known config file 'Runner': 'C:\Users\hemang.jindal\ai_news\actions-runner\.runner'
[2025-11-13 05:13:20Z INFO Listener] Runner is built for Windows (X64) - win-x64.
[2025-11-13 05:13:20Z INFO Listener] RuntimeInformation: Microsoft Windows 10.0.26200.
[2025-11-13 05:13:20Z INFO Listener] Version: 2.329.0
[2025-11-13 05:13:20Z INFO Listener] Commit: c76c59996c8fa32e989164a5a695efb12608ae5a
[2025-11-13 05:13:20Z INFO Listener] Culture: en-US
[2025-11-13 05:13:20Z INFO Listener] UI Culture: en-US
[2025-11-13 05:13:20Z INFO HostContext] Well known directory 'Bin': 'C:\Users\hemang.jindal\ai_news\actions-runner\bin'
[2025-11-13 05:13:20Z INFO HostContext] Well known directory 'Root': 'C:\Users\hemang.jindal\ai_news\actions-runner'
[2025-11-13 05:13:20Z INFO Listener] Validating directory permissions for: 'C:\Users\hemang.jindal\ai_news\actions-runner'
[2025-11-13 05:13:20Z INFO CommandLineParser] Parse
[2025-11-13 05:13:20Z INFO CommandLineParser] Parsing 5 args
[2025-11-13 05:13:20Z INFO CommandLineParser] parsing argument
[2025-11-13 05:13:20Z INFO CommandLineParser] HasArgs: False
[2025-11-13 05:13:20Z INFO CommandLineParser] Adding Command: configure
[2025-11-13 05:13:20Z INFO CommandLineParser] parsing argument
[2025-11-13 05:13:20Z INFO CommandLineParser] HasArgs: True
[2025-11-13 05:13:20Z INFO CommandLineParser] arg: url
[2025-11-13 05:13:20Z INFO CommandLineParser] parsing argument
[2025-11-13 05:13:20Z INFO CommandLineParser] HasArgs: True
[2025-11-13 05:13:20Z INFO CommandLineParser] Adding option 'url': 'https://github.com/HemangJindal07/crew-ai-'
[2025-11-13 05:13:20Z INFO CommandLineParser] parsing argument
[2025-11-13 05:13:20Z INFO CommandLineParser] HasArgs: True
[2025-11-13 05:13:20Z INFO CommandLineParser] arg: token
[2025-11-13 05:13:20Z INFO CommandLineParser] parsing argument
[2025-11-13 05:13:20Z INFO CommandLineParser] HasArgs: True
[2025-11-13 05:13:20Z INFO CommandLineParser] Adding option 'token': '***'
[2025-11-13 05:13:20Z INFO Listener] Arguments parsed
[2025-11-13 05:13:20Z INFO Runner] ExecuteCommand
[2025-11-13 05:13:20Z INFO ConfigurationStore] currentAssemblyLocation: C:\Users\hemang.jindal\ai_news\actions-runner\bin\Runner.Listener.dll
[2025-11-13 05:13:20Z INFO HostContext] Well known directory 'Bin': 'C:\Users\hemang.jindal\ai_news\actions-runner\bin'
[2025-11-13 05:13:20Z INFO ConfigurationStore] binPath: C:\Users\hemang.jindal\ai_news\actions-runner\bin
[2025-11-13 05:13:20Z INFO HostContext] Well known directory 'Bin': 'C:\Users\hemang.jindal\ai_news\actions-runner\bin'
[2025-11-13 05:13:20Z INFO HostContext] Well known directory 'Root': 'C:\Users\hemang.jindal\ai_news\actions-runner'
[2025-11-13 05:13:20Z INFO ConfigurationStore] RootFolder: C:\Users\hemang.jindal\ai_news\actions-runner
[2025-11-13 05:13:20Z INFO HostContext] Well known directory 'Bin': 'C:\Users\hemang.jindal\ai_news\actions-runner\bin'
[2025-11-13 05:13:20Z INFO HostContext] Well known directory 'Root': 'C:\Users\hemang.jindal\ai_news\actions-runner'
[2025-11-13 05:13:20Z INFO HostContext] Well known config file 'Runner': 'C:\Users\hemang.jindal\ai_news\actions-runner\.runner'
[2025-11-13 05:13:20Z INFO ConfigurationStore] ConfigFilePath: C:\Users\hemang.jindal\ai_news\actions-runner\.runner
[2025-11-13 05:13:20Z INFO HostContext] Well known directory 'Bin': 'C:\Users\hemang.jindal\ai_news\actions-runner\bin'
[2025-11-13 05:13:20Z INFO HostContext] Well known directory 'Root': 'C:\Users\hemang.jindal\ai_news\actions-runner'
[2025-11-13 05:13:20Z INFO HostContext] Well known config file 'MigratedRunner': 'C:\Users\hemang.jindal\ai_news\actions-runner\.runner_migrated'
[2025-11-13 05:13:20Z INFO ConfigurationStore] MigratedConfigFilePath: C:\Users\hemang.jindal\ai_news\actions-runner\.runner_migrated
[2025-11-13 05:13:20Z INFO HostContext] Well known directory 'Bin': 'C:\Users\hemang.jindal\ai_news\actions-runner\bin'
[2025-11-13 05:13:20Z INFO HostContext] Well known directory 'Root': 'C:\Users\hemang.jindal\ai_news\actions-runner'
[2025-11-13 05:13:20Z INFO HostContext] Well known config file 'Credentials': 'C:\Users\hemang.jindal\ai_news\actions-runner\.credentials'
[2025-11-13 05:13:20Z INFO ConfigurationStore] CredFilePath: C:\Users\hemang.jindal\ai_news\actions-runner\.credentials
[2025-11-13 05:13:20Z INFO HostContext] Well known directory 'Bin': 'C:\Users\hemang.jindal\ai_news\actions-runner\bin'
[2025-11-13 05:13:20Z INFO HostContext] Well known directory 'Root': 'C:\Users\hemang.jindal\ai_news\actions-runner'
[2025-11-13 05:13:20Z INFO HostContext] Well known config file 'MigratedCredentials': 'C:\Users\hemang.jindal\ai_news\actions-runner\.credentials_migrated'
[2025-11-13 05:13:20Z INFO ConfigurationStore] MigratedCredFilePath: C:\Users\hemang.jindal\ai_news\actions-runner\.credentials_migrated
[2025-11-13 05:13:20Z INFO HostContext] Well known directory 'Bin': 'C:\Users\hemang.jindal\ai_news\actions-runner\bin'
[2025-11-13 05:13:20Z INFO HostContext] Well known directory 'Root': 'C:\Users\hemang.jindal\ai_news\actions-runner'
[2025-11-13 05:13:20Z INFO HostContext] Well known config file 'Service': 'C:\Users\hemang.jindal\ai_news\actions-runner\.service'
[2025-11-13 05:13:20Z INFO ConfigurationStore] ServiceConfigFilePath: C:\Users\hemang.jindal\ai_news\actions-runner\.service
[2025-11-13 05:13:20Z INFO CommandSettings] Flag 'help': 'False'
[2025-11-13 05:13:20Z INFO CommandSettings] Flag 'version': 'False'
[2025-11-13 05:13:20Z INFO CommandSettings] Flag 'commit': 'False'
[2025-11-13 05:13:20Z INFO CommandSettings] Flag 'check': 'False'
[2025-11-13 05:13:20Z INFO CommandSettings] Command 'configure': 'True'
[2025-11-13 05:13:20Z INFO Terminal] WRITE LINE: 
[2025-11-13 05:13:20Z INFO Terminal] WRITE LINE: --------------------------------------------------------------------------------
[2025-11-13 05:13:20Z INFO Terminal] WRITE LINE: |        ____ _ _   _   _       _          _        _   _                      |
[2025-11-13 05:13:20Z INFO Terminal] WRITE LINE: |       / ___(_) |_| | | |_   _| |__      / \   ___| |_(_) ___  _ __  ___      |
[2025-11-13 05:13:20Z INFO Terminal] WRITE LINE: |      | |  _| | __| |_| | | | | '_ \    / _ \ / __| __| |/ _ \| '_ \/ __|     |
[2025-11-13 05:13:20Z INFO Terminal] WRITE LINE: |      | |_| | | |_|  _  | |_| | |_) |  / ___ \ (__| |_| | (_) | | | \__ \     |
[2025-11-13 05:13:20Z INFO Terminal] WRITE LINE: |       \____|_|\__|_| |_|\__,_|_.__/  /_/   \_\___|\__|_|\___/|_| |_|___/     |
[2025-11-13 05:13:20Z INFO Terminal] WRITE LINE: |                                                                              |
[2025-11-13 05:13:20Z INFO Terminal] WRITE: |                       
[2025-11-13 05:13:20Z INFO Terminal] WRITE: Self-hosted runner registration
[2025-11-13 05:13:20Z INFO Terminal] WRITE LINE:                         |
[2025-11-13 05:13:20Z INFO Terminal] WRITE LINE: |                                                                              |
[2025-11-13 05:13:20Z INFO Terminal] WRITE LINE: --------------------------------------------------------------------------------
[2025-11-13 05:13:20Z INFO ConfigurationManager] ConfigureAsync
[2025-11-13 05:13:20Z INFO CommandSettings] Flag 'generateServiceConfig': 'False'
[2025-11-13 05:13:20Z INFO ConfigurationStore] IsConfigured()
[2025-11-13 05:13:20Z INFO ConfigurationStore] IsConfigured: False
[2025-11-13 05:13:20Z INFO ConfigurationManager] Is configured: False
[2025-11-13 05:13:20Z INFO CommandSettings] Arg 'url': 'https://github.com/HemangJindal07/crew-ai-'
[2025-11-13 05:13:20Z INFO CommandSettings] Remove url from Arg dictionary.
[2025-11-13 05:13:20Z INFO CommandSettings] Arg 'token': '***'
[2025-11-13 05:13:20Z INFO CommandSettings] Remove token from Arg dictionary.
[2025-11-13 05:13:22Z INFO ConfigurationManager] Http response code: OK from 'POST https://api.github.com/actions/runner-registration' (EBC1:11A03E:F43074:129D267:691568F0)
[2025-11-13 05:13:22Z INFO ConfigurationManager] Using runner-admin flow: False
[2025-11-13 05:13:22Z INFO ConfigurationManager] cred retrieved via GitHub auth
[2025-11-13 05:13:22Z INFO RunnerServer] EstablishVssConnection
[2025-11-13 05:13:22Z INFO RunnerServer] Establish connection with 100 seconds timeout.
[2025-11-13 05:13:22Z INFO GitHubActionsService] Starting operation Location.GetConnectionData
[2025-11-13 05:13:22Z INFO RunnerServer] EstablishVssConnection
[2025-11-13 05:13:22Z INFO RunnerServer] Establish connection with 60 seconds timeout.
[2025-11-13 05:13:22Z INFO GitHubActionsService] Starting operation Location.GetConnectionData
[2025-11-13 05:13:22Z INFO RunnerServer] EstablishVssConnection
[2025-11-13 05:13:22Z INFO RunnerServer] Establish connection with 60 seconds timeout.
[2025-11-13 05:13:22Z INFO GitHubActionsService] Starting operation Location.GetConnectionData
[2025-11-13 05:13:23Z INFO GitHubActionsService] Finished operation Location.GetConnectionData
[2025-11-13 05:13:23Z INFO GitHubActionsService] Finished operation Location.GetConnectionData
[2025-11-13 05:13:23Z INFO GitHubActionsService] Finished operation Location.GetConnectionData
[2025-11-13 05:13:23Z INFO Terminal] WRITE LINE: 
[2025-11-13 05:13:23Z INFO ConfigurationManager] Test Connection complete.
[2025-11-13 05:13:23Z INFO HostContext] Well known directory 'Bin': 'C:\Users\hemang.jindal\ai_news\actions-runner\bin'
[2025-11-13 05:13:23Z INFO HostContext] Well known directory 'Root': 'C:\Users\hemang.jindal\ai_news\actions-runner'
[2025-11-13 05:13:23Z INFO HostContext] Well known config file 'RSACredentials': 'C:\Users\hemang.jindal\ai_news\actions-runner\.credentials_rsaparams'
[2025-11-13 05:13:23Z INFO RSAEncryptedFileKeyManager] Found existing RSA key parameters file C:\Users\hemang.jindal\ai_news\actions-runner\.credentials_rsaparams
[2025-11-13 05:13:23Z INFO CommandSettings] Arg 'runnergroup': ''
[2025-11-13 05:13:23Z INFO CommandSettings] Flag 'unattended': 'False'
[2025-11-13 05:13:23Z INFO PromptManager] ReadValue
[2025-11-13 05:13:23Z INFO Terminal] WRITE: Enter the name of the runner group to add this runner to: 
[2025-11-13 05:13:23Z INFO Terminal] WRITE: [press Enter for Default] 
[2025-11-13 05:13:23Z INFO Terminal] READ LINE
[2025-11-13 05:13:25Z INFO Terminal] Read value: ''
[2025-11-13 05:13:25Z INFO PromptManager] Falling back to the default: 'Default'
[2025-11-13 05:13:25Z INFO Terminal] WRITE LINE: 
[2025-11-13 05:13:25Z INFO ConfigurationManager] Found a self-hosted runner group with id 1 and name Default
[2025-11-13 05:13:25Z INFO CommandSettings] Flag 'disableupdate': 'False'
[2025-11-13 05:13:25Z INFO CommandSettings] Flag 'ephemeral': 'False'
[2025-11-13 05:13:25Z INFO CommandSettings] Arg 'name': ''
[2025-11-13 05:13:25Z INFO CommandSettings] Flag 'unattended': 'False'
[2025-11-13 05:13:25Z INFO PromptManager] ReadValue
[2025-11-13 05:13:25Z INFO Terminal] WRITE: Enter the name of runner: 
[2025-11-13 05:13:25Z INFO Terminal] WRITE: [press Enter for TXCHD-PC-015] 
[2025-11-13 05:13:25Z INFO Terminal] READ LINE
[2025-11-13 05:13:36Z INFO Terminal] Read value: ''
[2025-11-13 05:13:36Z INFO PromptManager] Falling back to the default: 'TXCHD-PC-015'
[2025-11-13 05:13:36Z INFO Terminal] WRITE LINE: 
[2025-11-13 05:13:36Z INFO CommandSettings] Arg 'labels': ''
[2025-11-13 05:13:36Z INFO CommandSettings] Flag 'unattended': 'False'
[2025-11-13 05:13:36Z INFO PromptManager] ReadValue
[2025-11-13 05:13:36Z INFO Terminal] WRITE: This runner will have the following labels: 'self-hosted', 'Windows', 'X64' 
Enter any additional labels (ex. label-1,label-2): 
[2025-11-13 05:13:36Z INFO Terminal] WRITE: [press Enter to skip] 
[2025-11-13 05:13:36Z INFO Terminal] READ LINE
[2025-11-13 05:13:56Z INFO Terminal] Read value: ''
[2025-11-13 05:13:56Z INFO Terminal] WRITE LINE: 
[2025-11-13 05:13:56Z INFO CommandSettings] Flag 'disableupdate': 'False'
[2025-11-13 05:13:56Z INFO CommandSettings] Flag 'no-default-labels': 'False'
[2025-11-13 05:13:56Z INFO CommandSettings] Flag 'disableupdate': 'False'
[2025-11-13 05:13:56Z INFO CommandSettings] Flag 'ephemeral': 'False'
[2025-11-13 05:13:56Z INFO ConfigurationStore] Saving OAuth credential @ C:\Users\hemang.jindal\ai_news\actions-runner\.credentials
[2025-11-13 05:13:56Z INFO ConfigurationStore] Credentials Saved.
[2025-11-13 05:13:56Z INFO ConfigurationManager] Service enforced serverUrlV2: https://broker.actions.githubusercontent.com/
[2025-11-13 05:13:56Z INFO ConfigurationManager] Service enforced useV2Flow: True
[2025-11-13 05:13:56Z INFO CommandSettings] Arg 'work': ''
[2025-11-13 05:13:56Z INFO CommandSettings] Flag 'unattended': 'False'
[2025-11-13 05:13:56Z INFO PromptManager] ReadValue
[2025-11-13 05:13:56Z INFO Terminal] WRITE: Enter name of work folder: 
[2025-11-13 05:13:56Z INFO Terminal] WRITE: [press Enter for _work] 
[2025-11-13 05:13:56Z INFO Terminal] READ LINE
[2025-11-13 05:14:04Z INFO Terminal] Read value: ''
[2025-11-13 05:14:04Z INFO PromptManager] Falling back to the default: '_work'
[2025-11-13 05:14:04Z INFO ConfigurationStore] Saving runner settings.
[2025-11-13 05:14:04Z INFO ConfigurationStore] Settings Saved.
[2025-11-13 05:14:04Z INFO Terminal] WRITE LINE: 
[2025-11-13 05:14:04Z INFO Terminal] WRITE LINE: 
[2025-11-13 05:14:04Z INFO CommandSettings] Flag 'runasservice': 'False'
[2025-11-13 05:14:04Z INFO CommandSettings] Flag 'unattended': 'False'
[2025-11-13 05:14:04Z INFO PromptManager] ReadValue
[2025-11-13 05:14:04Z INFO Terminal] WRITE: Would you like to run the runner as service? (Y/N) 
[2025-11-13 05:14:04Z INFO Terminal] WRITE: [press Enter for N] 
[2025-11-13 05:14:04Z INFO Terminal] READ LINE
[2025-11-13 05:15:10Z INFO Terminal] Read value: 'N'
[2025-11-13 05:15:10Z INFO Listener] Runner execution has finished with return code 0
